/var/spool/slurm/slurmd/job33841/slurm_script: line 17: activate: No such file or directory
[rank: 0] Global seed set to 42
/home/u563586/.conda/envs/tft_model_env/lib/python3.10/site-packages/pytorch_lightning/utilities/parsing.py:269: UserWarning: Attribute 'loss' is an instance of `nn.Module` and is already saved during checkpointing. It is recommended to ignore them using `self.save_hyperparameters(ignore=['loss'])`.
  rank_zero_warn(
/home/u563586/.conda/envs/tft_model_env/lib/python3.10/site-packages/pytorch_lightning/utilities/parsing.py:269: UserWarning: Attribute 'logging_metrics' is an instance of `nn.Module` and is already saved during checkpointing. It is recommended to ignore them using `self.save_hyperparameters(ignore=['logging_metrics'])`.
  rank_zero_warn(
/home/u563586/.conda/envs/tft_model_env/lib/python3.10/site-packages/lightning_fabric/plugins/environments/slurm.py:165: PossibleUserWarning: The `srun` command is available on your system but is not used. HINT: If your intention is to run Lightning on SLURM, prepend your python command with `srun` like so: srun python src/main_tft.py --horizon long ...
  rank_zero_warn(
GPU available: True (cuda), used: True
TPU available: False, using: 0 TPU cores
IPU available: False, using: 0 IPUs
HPU available: False, using: 0 HPUs
/home/u563586/.conda/envs/tft_model_env/lib/python3.10/site-packages/pytorch_lightning/callbacks/model_checkpoint.py:613: UserWarning: Checkpoint directory /home/u563586/tft_project/outputs/tft_runs/final_generalization_tft_long_h2880_w672 exists and is not empty.
  rank_zero_warn(f"Checkpoint directory {dirpath} exists and is not empty.")
LOCAL_RANK: 0 - CUDA_VISIBLE_DEVICES: [0,1]

   | Name                               | Type                            | Params
----------------------------------------------------------------------------------------
0  | loss                               | MAE                             | 0     
1  | logging_metrics                    | ModuleList                      | 0     
2  | input_embeddings                   | MultiEmbedding                  | 0     
3  | prescalers                         | ModuleDict                      | 336   
4  | static_variable_selection          | VariableSelectionNetwork        | 5.0 K 
5  | encoder_variable_selection         | VariableSelectionNetwork        | 34.3 K
6  | decoder_variable_selection         | VariableSelectionNetwork        | 32.2 K
7  | static_context_variable_selection  | GatedResidualNetwork            | 16.8 K
8  | static_context_initial_hidden_lstm | GatedResidualNetwork            | 16.8 K
9  | static_context_initial_cell_lstm   | GatedResidualNetwork            | 16.8 K
10 | static_context_enrichment          | GatedResidualNetwork            | 16.8 K
11 | lstm_encoder                       | LSTM                            | 33.3 K
12 | lstm_decoder                       | LSTM                            | 33.3 K
13 | post_lstm_gate_encoder             | GatedLinearUnit                 | 8.3 K 
14 | post_lstm_add_norm_encoder         | AddNorm                         | 128   
15 | static_enrichment                  | GatedResidualNetwork            | 20.9 K
16 | multihead_attn                     | InterpretableMultiHeadAttention | 16.6 K
17 | post_attn_gate_norm                | GateAddNorm                     | 8.4 K 
18 | pos_wise_ff                        | GatedResidualNetwork            | 16.8 K
19 | pre_output_gate_norm               | GateAddNorm                     | 8.4 K 
20 | output_layer                       | Linear                          | 65    
----------------------------------------------------------------------------------------
284 K     Trainable params
0         Non-trainable params
284 K     Total params
1.138     Total estimated model params size (MB)
/home/u563586/.conda/envs/tft_model_env/lib/python3.10/site-packages/pytorch_lightning/trainer/connectors/data_connector.py:224: PossibleUserWarning: The dataloader, val_dataloader 0, does not have many workers which may be a bottleneck. Consider increasing the value of the `num_workers` argument` (try 64 which is the number of cpus on this machine) in the `DataLoader` init to improve performance.
  rank_zero_warn(
/home/u563586/.conda/envs/tft_model_env/lib/python3.10/site-packages/pytorch_lightning/trainer/connectors/data_connector.py:224: PossibleUserWarning: The dataloader, train_dataloader, does not have many workers which may be a bottleneck. Consider increasing the value of the `num_workers` argument` (try 64 which is the number of cpus on this machine) in the `DataLoader` init to improve performance.
  rank_zero_warn(
