/var/spool/slurm/slurmd/job33751/slurm_script: line 17: activate: No such file or directory
[rank: 0] Global seed set to 42
/home/u563586/.conda/envs/tft_model_env/lib/python3.10/site-packages/pytorch_lightning/utilities/parsing.py:269: UserWarning: Attribute 'loss' is an instance of `nn.Module` and is already saved during checkpointing. It is recommended to ignore them using `self.save_hyperparameters(ignore=['loss'])`.
  rank_zero_warn(
/home/u563586/.conda/envs/tft_model_env/lib/python3.10/site-packages/pytorch_lightning/utilities/parsing.py:269: UserWarning: Attribute 'logging_metrics' is an instance of `nn.Module` and is already saved during checkpointing. It is recommended to ignore them using `self.save_hyperparameters(ignore=['logging_metrics'])`.
  rank_zero_warn(
/home/u563586/.conda/envs/tft_model_env/lib/python3.10/site-packages/lightning_fabric/plugins/environments/slurm.py:165: PossibleUserWarning: The `srun` command is available on your system but is not used. HINT: If your intention is to run Lightning on SLURM, prepend your python command with `srun` like so: srun python src/main_tft.py --horizon long ...
  rank_zero_warn(
GPU available: True (cuda), used: True
TPU available: False, using: 0 TPU cores
IPU available: False, using: 0 IPUs
HPU available: False, using: 0 HPUs
You are using a CUDA device ('NVIDIA A40') that has Tensor Cores. To properly utilize them, you should set `torch.set_float32_matmul_precision('medium' | 'high')` which will trade-off precision for performance. For more details, read https://pytorch.org/docs/stable/generated/torch.set_float32_matmul_precision.html#torch.set_float32_matmul_precision
/home/u563586/.conda/envs/tft_model_env/lib/python3.10/site-packages/pytorch_lightning/callbacks/model_checkpoint.py:613: UserWarning: Checkpoint directory /home/u563586/tft_project/outputs/tft_runs/final_generalization_tft_long_h2880_w672 exists and is not empty.
  rank_zero_warn(f"Checkpoint directory {dirpath} exists and is not empty.")
LOCAL_RANK: 0 - CUDA_VISIBLE_DEVICES: [0,1]

   | Name                               | Type                            | Params
----------------------------------------------------------------------------------------
0  | loss                               | MAE                             | 0     
1  | logging_metrics                    | ModuleList                      | 0     
2  | input_embeddings                   | MultiEmbedding                  | 0     
3  | prescalers                         | ModuleDict                      | 336   
4  | static_variable_selection          | VariableSelectionNetwork        | 5.0 K 
5  | encoder_variable_selection         | VariableSelectionNetwork        | 34.3 K
6  | decoder_variable_selection         | VariableSelectionNetwork        | 32.2 K
7  | static_context_variable_selection  | GatedResidualNetwork            | 16.8 K
8  | static_context_initial_hidden_lstm | GatedResidualNetwork            | 16.8 K
9  | static_context_initial_cell_lstm   | GatedResidualNetwork            | 16.8 K
10 | static_context_enrichment          | GatedResidualNetwork            | 16.8 K
11 | lstm_encoder                       | LSTM                            | 33.3 K
12 | lstm_decoder                       | LSTM                            | 33.3 K
13 | post_lstm_gate_encoder             | GatedLinearUnit                 | 8.3 K 
14 | post_lstm_add_norm_encoder         | AddNorm                         | 128   
15 | static_enrichment                  | GatedResidualNetwork            | 20.9 K
16 | multihead_attn                     | InterpretableMultiHeadAttention | 16.6 K
17 | post_attn_gate_norm                | GateAddNorm                     | 8.4 K 
18 | pos_wise_ff                        | GatedResidualNetwork            | 16.8 K
19 | pre_output_gate_norm               | GateAddNorm                     | 8.4 K 
20 | output_layer                       | Linear                          | 65    
----------------------------------------------------------------------------------------
284 K     Trainable params
0         Non-trainable params
284 K     Total params
1.138     Total estimated model params size (MB)
/home/u563586/.conda/envs/tft_model_env/lib/python3.10/site-packages/pytorch_lightning/trainer/connectors/data_connector.py:224: PossibleUserWarning: The dataloader, val_dataloader 0, does not have many workers which may be a bottleneck. Consider increasing the value of the `num_workers` argument` (try 64 which is the number of cpus on this machine) in the `DataLoader` init to improve performance.
  rank_zero_warn(
/home/u563586/.conda/envs/tft_model_env/lib/python3.10/site-packages/pytorch_lightning/trainer/connectors/data_connector.py:224: PossibleUserWarning: The dataloader, train_dataloader, does not have many workers which may be a bottleneck. Consider increasing the value of the `num_workers` argument` (try 64 which is the number of cpus on this machine) in the `DataLoader` init to improve performance.
  rank_zero_warn(
Traceback (most recent call last):
  File "/home/u563586/.conda/envs/tft_model_env/lib/python3.10/site-packages/pytorch_lightning/trainer/call.py", line 38, in _call_and_handle_interrupt
    return trainer_fn(*args, **kwargs)
  File "/home/u563586/.conda/envs/tft_model_env/lib/python3.10/site-packages/pytorch_lightning/trainer/trainer.py", line 650, in _fit_impl
    self._run(model, ckpt_path=self.ckpt_path)
  File "/home/u563586/.conda/envs/tft_model_env/lib/python3.10/site-packages/pytorch_lightning/trainer/trainer.py", line 1112, in _run
    results = self._run_stage()
  File "/home/u563586/.conda/envs/tft_model_env/lib/python3.10/site-packages/pytorch_lightning/trainer/trainer.py", line 1191, in _run_stage
    self._run_train()
  File "/home/u563586/.conda/envs/tft_model_env/lib/python3.10/site-packages/pytorch_lightning/trainer/trainer.py", line 1214, in _run_train
    self.fit_loop.run()
  File "/home/u563586/.conda/envs/tft_model_env/lib/python3.10/site-packages/pytorch_lightning/loops/loop.py", line 199, in run
    self.advance(*args, **kwargs)
  File "/home/u563586/.conda/envs/tft_model_env/lib/python3.10/site-packages/pytorch_lightning/loops/fit_loop.py", line 267, in advance
    self._outputs = self.epoch_loop.run(self._data_fetcher)
  File "/home/u563586/.conda/envs/tft_model_env/lib/python3.10/site-packages/pytorch_lightning/loops/loop.py", line 199, in run
    self.advance(*args, **kwargs)
  File "/home/u563586/.conda/envs/tft_model_env/lib/python3.10/site-packages/pytorch_lightning/loops/epoch/training_epoch_loop.py", line 187, in advance
    batch = next(data_fetcher)
  File "/home/u563586/.conda/envs/tft_model_env/lib/python3.10/site-packages/pytorch_lightning/utilities/fetching.py", line 184, in __next__
    return self.fetching_function()
  File "/home/u563586/.conda/envs/tft_model_env/lib/python3.10/site-packages/pytorch_lightning/utilities/fetching.py", line 265, in fetching_function
    self._fetch_next_batch(self.dataloader_iter)
  File "/home/u563586/.conda/envs/tft_model_env/lib/python3.10/site-packages/pytorch_lightning/utilities/fetching.py", line 280, in _fetch_next_batch
    batch = next(iterator)
  File "/home/u563586/.conda/envs/tft_model_env/lib/python3.10/site-packages/pytorch_lightning/trainer/supporters.py", line 571, in __next__
    return self.request_next_batch(self.loader_iters)
  File "/home/u563586/.conda/envs/tft_model_env/lib/python3.10/site-packages/pytorch_lightning/trainer/supporters.py", line 583, in request_next_batch
    return apply_to_collection(loader_iters, Iterator, next)
  File "/home/u563586/.conda/envs/tft_model_env/lib/python3.10/site-packages/lightning_utilities/core/apply_func.py", line 66, in apply_to_collection
    return function(data, *args, **kwargs)
  File "/home/u563586/.conda/envs/tft_model_env/lib/python3.10/site-packages/torch/utils/data/dataloader.py", line 628, in __next__
    data = self._next_data()
  File "/home/u563586/.conda/envs/tft_model_env/lib/python3.10/site-packages/torch/utils/data/dataloader.py", line 1316, in _next_data
    idx, data = self._get_data()
  File "/home/u563586/.conda/envs/tft_model_env/lib/python3.10/site-packages/torch/utils/data/dataloader.py", line 1282, in _get_data
    success, data = self._try_get_data()
  File "/home/u563586/.conda/envs/tft_model_env/lib/python3.10/site-packages/torch/utils/data/dataloader.py", line 1120, in _try_get_data
    data = self._data_queue.get(timeout=timeout)
  File "/home/u563586/.conda/envs/tft_model_env/lib/python3.10/multiprocessing/queues.py", line 122, in get
    return _ForkingPickler.loads(res)
  File "/home/u563586/.conda/envs/tft_model_env/lib/python3.10/site-packages/torch/multiprocessing/reductions.py", line 305, in rebuild_storage_fd
    fd = df.detach()
  File "/home/u563586/.conda/envs/tft_model_env/lib/python3.10/multiprocessing/resource_sharer.py", line 57, in detach
    with _resource_sharer.get_connection(self._id) as conn:
  File "/home/u563586/.conda/envs/tft_model_env/lib/python3.10/multiprocessing/resource_sharer.py", line 86, in get_connection
    c = Client(address, authkey=process.current_process().authkey)
  File "/home/u563586/.conda/envs/tft_model_env/lib/python3.10/multiprocessing/connection.py", line 508, in Client
    answer_challenge(c, authkey)
  File "/home/u563586/.conda/envs/tft_model_env/lib/python3.10/multiprocessing/connection.py", line 752, in answer_challenge
    message = connection.recv_bytes(256)         # reject large message
  File "/home/u563586/.conda/envs/tft_model_env/lib/python3.10/multiprocessing/connection.py", line 216, in recv_bytes
    buf = self._recv_bytes(maxlength)
  File "/home/u563586/.conda/envs/tft_model_env/lib/python3.10/multiprocessing/connection.py", line 414, in _recv_bytes
    buf = self._recv(4)
  File "/home/u563586/.conda/envs/tft_model_env/lib/python3.10/multiprocessing/connection.py", line 379, in _recv
    chunk = read(handle, remaining)
  File "/home/u563586/.conda/envs/tft_model_env/lib/python3.10/site-packages/torch/utils/data/_utils/signal_handling.py", line 66, in handler
    _error_if_any_worker_fails()
RuntimeError: DataLoader worker (pid 185628) is killed by signal: Hangup. 

During handling of the above exception, another exception occurred:

Traceback (most recent call last):
  File "/home/u563586/tft_project/src/main_tft.py", line 71, in <module>
    trainer.fit(model, train_loader, val_loader)
  File "/home/u563586/.conda/envs/tft_model_env/lib/python3.10/site-packages/pytorch_lightning/trainer/trainer.py", line 608, in fit
    call._call_and_handle_interrupt(
  File "/home/u563586/.conda/envs/tft_model_env/lib/python3.10/site-packages/pytorch_lightning/trainer/call.py", line 63, in _call_and_handle_interrupt
    trainer._teardown()
  File "/home/u563586/.conda/envs/tft_model_env/lib/python3.10/site-packages/pytorch_lightning/trainer/trainer.py", line 1175, in _teardown
    self.strategy.teardown()
  File "/home/u563586/.conda/envs/tft_model_env/lib/python3.10/site-packages/pytorch_lightning/strategies/strategy.py", line 492, in teardown
    _optimizers_to_device(self.optimizers, torch.device("cpu"))
  File "/home/u563586/.conda/envs/tft_model_env/lib/python3.10/site-packages/lightning_fabric/utilities/optimizer.py", line 28, in _optimizers_to_device
    _optimizer_to_device(opt, device)
  File "/home/u563586/.conda/envs/tft_model_env/lib/python3.10/site-packages/lightning_fabric/utilities/optimizer.py", line 34, in _optimizer_to_device
    optimizer.state[p] = apply_to_collection(v, Tensor, move_data_to_device, device)
  File "/home/u563586/.conda/envs/tft_model_env/lib/python3.10/site-packages/lightning_utilities/core/apply_func.py", line 74, in apply_to_collection
    return _apply_to_collection_slow(
  File "/home/u563586/.conda/envs/tft_model_env/lib/python3.10/site-packages/lightning_utilities/core/apply_func.py", line 106, in _apply_to_collection_slow
    v = _apply_to_collection_slow(
  File "/home/u563586/.conda/envs/tft_model_env/lib/python3.10/site-packages/lightning_utilities/core/apply_func.py", line 98, in _apply_to_collection_slow
    return function(data, *args, **kwargs)
  File "/home/u563586/.conda/envs/tft_model_env/lib/python3.10/site-packages/lightning_fabric/utilities/apply_func.py", line 101, in move_data_to_device
    return apply_to_collection(batch, dtype=_TransferableDataType, function=batch_to)
  File "/home/u563586/.conda/envs/tft_model_env/lib/python3.10/site-packages/lightning_utilities/core/apply_func.py", line 25, in apply_to_collection
    def apply_to_collection(
  File "/home/u563586/.conda/envs/tft_model_env/lib/python3.10/site-packages/torch/utils/data/_utils/signal_handling.py", line 66, in handler
    _error_if_any_worker_fails()
RuntimeError: DataLoader worker (pid 185825) is killed by signal: Hangup. 
