Fri Jun 13 08:32:43 2025       
+---------------------------------------------------------------------------------------+
| NVIDIA-SMI 535.247.01             Driver Version: 535.247.01   CUDA Version: 12.2     |
|-----------------------------------------+----------------------+----------------------+
| GPU  Name                 Persistence-M | Bus-Id        Disp.A | Volatile Uncorr. ECC |
| Fan  Temp   Perf          Pwr:Usage/Cap |         Memory-Usage | GPU-Util  Compute M. |
|                                         |                      |               MIG M. |
|=========================================+======================+======================|
|   0  NVIDIA A40                     On  | 00000000:17:00.0 Off |                    0 |
|  0%   40C    P0              85W / 300W |  39006MiB / 46068MiB |     34%      Default |
|                                         |                      |                  N/A |
+-----------------------------------------+----------------------+----------------------+
|   1  NVIDIA A40                     On  | 00000000:CA:00.0 Off |                    0 |
|  0%   39C    P0              89W / 300W |      0MiB / 46068MiB |      0%      Default |
|                                         |                      |                  N/A |
+-----------------------------------------+----------------------+----------------------+
                                                                                         
+---------------------------------------------------------------------------------------+
| Processes:                                                                            |
|  GPU   GI   CI        PID   Type   Process name                            GPU Memory |
|        ID   ID                                                             Usage      |
|=======================================================================================|
|    0   N/A  N/A   2192046      C   python                                    38998MiB |
+---------------------------------------------------------------------------------------+
Preparing full dataset for TFT HPO...

==================== Starting HPO for TFT HORIZON: SHORT ====================
Base TFT Config for short loaded: {'input_window': 672, 'output_horizon': 96, 'min_input_window': 96, 'target_column': 'actual_load', 'train_split': 0.8, 'val_split': 0.1, 'num_workers': 2, 'run_tag': 'baseline_final_lstm_short', 'batch_size': 16, 'early_stopping_patience': 2, 'epochs': 7, 'epochs_hpo': 15, 'early_stopping_patience_hpo': 3, 'hpo_pruner_warmup': 2, 'learning_rate': 0.00088633582449202, 'lags': [1, 2, 96, 192, 288, 672], 'feature_scaler': 'MinMax', 'target_scaler': 'MinMax', 'lstm_units': 48, 'dropout_rate': 0.1572721153508268, 'loss_function': 'mae', 'exogenous_features': ['hour_sin', 'hour_cos', 'weekday_sin', 'weekday_cos', 'month_sin', 'month_cos', 'is_daylight', 'year', 'weekend_flag', 'holiday_flag', 'temperature', 'solar_capacity', 'solar_generation', 'wind_capacity', 'wind_generation', 'wind_offshore_capacity', 'wind_offshore_generation', 'wind_onshore_capacity', 'wind_onshore_generation'], 'run_tag_tft': 'baseline_final_tft_short', 'hidden_size': 16, 'attention_head_size': 1, 'dropout': 0.1, 'gradient_clip_val': 0.1, 'exogenous_features_tft': ['hour', 'is_daylight', 'month', 'year', 'weekday', 'weekend_flag', 'holiday_flag', 'temperature', 'solar_capacity', 'solar_generation', 'wind_capacity', 'wind_generation', 'wind_offshore_capacity', 'wind_offshore_generation', 'wind_onshore_capacity', 'wind_onshore_generation']}
--- Using AGGRESSIVE 25.0% subset for TFT HPO. New train shape: (35034, 20) ---
Starting Optuna optimization for TFT (short) with 20 trials...

Trial 0: Starting with params: {'learning_rate': 0.004622374211593363, 'hidden_size': 32, 'attention_head_size': 1, 'dropout': 0.27743684822673487, 'batch_size': 16}
Inside create_dataloaders: train_df length: 35034, val_df length: 17517, test_df length: 768
Config for DataLoaders: input_window (max_encoder_length): 672, output_horizon (max_prediction_length): 96
TFT will be trained with the following 16 time-varying known features: ['hour', 'is_daylight', 'month', 'year', 'weekday', 'weekend_flag', 'holiday_flag', 'temperature', 'solar_capacity', 'solar_generation', 'wind_capacity', 'wind_generation', 'wind_offshore_capacity', 'wind_offshore_generation', 'wind_onshore_capacity', 'wind_onshore_generation']
TimeSeriesDataSet using: max_encoder_length=672, min_encoder_length=96
TFT will be trained with the following 16 time-varying known features: ['hour', 'is_daylight', 'month', 'year', 'weekday', 'weekend_flag', 'holiday_flag', 'temperature', 'solar_capacity', 'solar_generation', 'wind_capacity', 'wind_generation', 'wind_offshore_capacity', 'wind_offshore_generation', 'wind_onshore_capacity', 'wind_onshore_generation']
TimeSeriesDataSet using: max_encoder_length=672, min_encoder_length=96
TFT will be trained with the following 16 time-varying known features: ['hour', 'is_daylight', 'month', 'year', 'weekday', 'weekend_flag', 'holiday_flag', 'temperature', 'solar_capacity', 'solar_generation', 'wind_capacity', 'wind_generation', 'wind_offshore_capacity', 'wind_offshore_generation', 'wind_onshore_capacity', 'wind_onshore_generation']
TimeSeriesDataSet using: max_encoder_length=672, min_encoder_length=96
DataLoaders will use num_workers: 2
Trial 0: Finished. Best val_loss: 2476.744385

Trial 1: Starting with params: {'learning_rate': 0.00013752869143452082, 'hidden_size': 64, 'attention_head_size': 1, 'dropout': 0.2662190098689041, 'batch_size': 16}
Inside create_dataloaders: train_df length: 35034, val_df length: 17517, test_df length: 768
Config for DataLoaders: input_window (max_encoder_length): 672, output_horizon (max_prediction_length): 96
TFT will be trained with the following 16 time-varying known features: ['hour', 'is_daylight', 'month', 'year', 'weekday', 'weekend_flag', 'holiday_flag', 'temperature', 'solar_capacity', 'solar_generation', 'wind_capacity', 'wind_generation', 'wind_offshore_capacity', 'wind_offshore_generation', 'wind_onshore_capacity', 'wind_onshore_generation']
TimeSeriesDataSet using: max_encoder_length=672, min_encoder_length=96
TFT will be trained with the following 16 time-varying known features: ['hour', 'is_daylight', 'month', 'year', 'weekday', 'weekend_flag', 'holiday_flag', 'temperature', 'solar_capacity', 'solar_generation', 'wind_capacity', 'wind_generation', 'wind_offshore_capacity', 'wind_offshore_generation', 'wind_onshore_capacity', 'wind_onshore_generation']
TimeSeriesDataSet using: max_encoder_length=672, min_encoder_length=96
TFT will be trained with the following 16 time-varying known features: ['hour', 'is_daylight', 'month', 'year', 'weekday', 'weekend_flag', 'holiday_flag', 'temperature', 'solar_capacity', 'solar_generation', 'wind_capacity', 'wind_generation', 'wind_offshore_capacity', 'wind_offshore_generation', 'wind_onshore_capacity', 'wind_onshore_generation']
TimeSeriesDataSet using: max_encoder_length=672, min_encoder_length=96
DataLoaders will use num_workers: 2
Trial 1: Finished. Best val_loss: 2088.354492

Trial 2: Starting with params: {'learning_rate': 0.00013038325764849854, 'hidden_size': 64, 'attention_head_size': 1, 'dropout': 0.17932427800820577, 'batch_size': 16}
Inside create_dataloaders: train_df length: 35034, val_df length: 17517, test_df length: 768
Config for DataLoaders: input_window (max_encoder_length): 672, output_horizon (max_prediction_length): 96
TFT will be trained with the following 16 time-varying known features: ['hour', 'is_daylight', 'month', 'year', 'weekday', 'weekend_flag', 'holiday_flag', 'temperature', 'solar_capacity', 'solar_generation', 'wind_capacity', 'wind_generation', 'wind_offshore_capacity', 'wind_offshore_generation', 'wind_onshore_capacity', 'wind_onshore_generation']
TimeSeriesDataSet using: max_encoder_length=672, min_encoder_length=96
TFT will be trained with the following 16 time-varying known features: ['hour', 'is_daylight', 'month', 'year', 'weekday', 'weekend_flag', 'holiday_flag', 'temperature', 'solar_capacity', 'solar_generation', 'wind_capacity', 'wind_generation', 'wind_offshore_capacity', 'wind_offshore_generation', 'wind_onshore_capacity', 'wind_onshore_generation']
TimeSeriesDataSet using: max_encoder_length=672, min_encoder_length=96
TFT will be trained with the following 16 time-varying known features: ['hour', 'is_daylight', 'month', 'year', 'weekday', 'weekend_flag', 'holiday_flag', 'temperature', 'solar_capacity', 'solar_generation', 'wind_capacity', 'wind_generation', 'wind_offshore_capacity', 'wind_offshore_generation', 'wind_onshore_capacity', 'wind_onshore_generation']
TimeSeriesDataSet using: max_encoder_length=672, min_encoder_length=96
DataLoaders will use num_workers: 2
Trial 2: Finished. Best val_loss: 1810.215576

Trial 3: Starting with params: {'learning_rate': 0.0003685145315042408, 'hidden_size': 32, 'attention_head_size': 4, 'dropout': 0.15342225489387104, 'batch_size': 32}
Inside create_dataloaders: train_df length: 35034, val_df length: 17517, test_df length: 768
Config for DataLoaders: input_window (max_encoder_length): 672, output_horizon (max_prediction_length): 96
TFT will be trained with the following 16 time-varying known features: ['hour', 'is_daylight', 'month', 'year', 'weekday', 'weekend_flag', 'holiday_flag', 'temperature', 'solar_capacity', 'solar_generation', 'wind_capacity', 'wind_generation', 'wind_offshore_capacity', 'wind_offshore_generation', 'wind_onshore_capacity', 'wind_onshore_generation']
TimeSeriesDataSet using: max_encoder_length=672, min_encoder_length=96
TFT will be trained with the following 16 time-varying known features: ['hour', 'is_daylight', 'month', 'year', 'weekday', 'weekend_flag', 'holiday_flag', 'temperature', 'solar_capacity', 'solar_generation', 'wind_capacity', 'wind_generation', 'wind_offshore_capacity', 'wind_offshore_generation', 'wind_onshore_capacity', 'wind_onshore_generation']
TimeSeriesDataSet using: max_encoder_length=672, min_encoder_length=96
TFT will be trained with the following 16 time-varying known features: ['hour', 'is_daylight', 'month', 'year', 'weekday', 'weekend_flag', 'holiday_flag', 'temperature', 'solar_capacity', 'solar_generation', 'wind_capacity', 'wind_generation', 'wind_offshore_capacity', 'wind_offshore_generation', 'wind_onshore_capacity', 'wind_onshore_generation']
TimeSeriesDataSet using: max_encoder_length=672, min_encoder_length=96
DataLoaders will use num_workers: 2
Trial 3: Finished. Best val_loss: 2007.938110

Trial 4: Starting with params: {'learning_rate': 0.0004631340187825276, 'hidden_size': 16, 'attention_head_size': 4, 'dropout': 0.3344464125123229, 'batch_size': 16}
Inside create_dataloaders: train_df length: 35034, val_df length: 17517, test_df length: 768
Config for DataLoaders: input_window (max_encoder_length): 672, output_horizon (max_prediction_length): 96
TFT will be trained with the following 16 time-varying known features: ['hour', 'is_daylight', 'month', 'year', 'weekday', 'weekend_flag', 'holiday_flag', 'temperature', 'solar_capacity', 'solar_generation', 'wind_capacity', 'wind_generation', 'wind_offshore_capacity', 'wind_offshore_generation', 'wind_onshore_capacity', 'wind_onshore_generation']
TimeSeriesDataSet using: max_encoder_length=672, min_encoder_length=96
TFT will be trained with the following 16 time-varying known features: ['hour', 'is_daylight', 'month', 'year', 'weekday', 'weekend_flag', 'holiday_flag', 'temperature', 'solar_capacity', 'solar_generation', 'wind_capacity', 'wind_generation', 'wind_offshore_capacity', 'wind_offshore_generation', 'wind_onshore_capacity', 'wind_onshore_generation']
TimeSeriesDataSet using: max_encoder_length=672, min_encoder_length=96
TFT will be trained with the following 16 time-varying known features: ['hour', 'is_daylight', 'month', 'year', 'weekday', 'weekend_flag', 'holiday_flag', 'temperature', 'solar_capacity', 'solar_generation', 'wind_capacity', 'wind_generation', 'wind_offshore_capacity', 'wind_offshore_generation', 'wind_onshore_capacity', 'wind_onshore_generation']
TimeSeriesDataSet using: max_encoder_length=672, min_encoder_length=96
DataLoaders will use num_workers: 2
Trial 4: Finished. Best val_loss: 2091.661133

Trial 5: Starting with params: {'learning_rate': 0.0024668918623936345, 'hidden_size': 32, 'attention_head_size': 1, 'dropout': 0.3276445388420903, 'batch_size': 32}
Inside create_dataloaders: train_df length: 35034, val_df length: 17517, test_df length: 768
Config for DataLoaders: input_window (max_encoder_length): 672, output_horizon (max_prediction_length): 96
TFT will be trained with the following 16 time-varying known features: ['hour', 'is_daylight', 'month', 'year', 'weekday', 'weekend_flag', 'holiday_flag', 'temperature', 'solar_capacity', 'solar_generation', 'wind_capacity', 'wind_generation', 'wind_offshore_capacity', 'wind_offshore_generation', 'wind_onshore_capacity', 'wind_onshore_generation']
TimeSeriesDataSet using: max_encoder_length=672, min_encoder_length=96
TFT will be trained with the following 16 time-varying known features: ['hour', 'is_daylight', 'month', 'year', 'weekday', 'weekend_flag', 'holiday_flag', 'temperature', 'solar_capacity', 'solar_generation', 'wind_capacity', 'wind_generation', 'wind_offshore_capacity', 'wind_offshore_generation', 'wind_onshore_capacity', 'wind_onshore_generation']
TimeSeriesDataSet using: max_encoder_length=672, min_encoder_length=96
TFT will be trained with the following 16 time-varying known features: ['hour', 'is_daylight', 'month', 'year', 'weekday', 'weekend_flag', 'holiday_flag', 'temperature', 'solar_capacity', 'solar_generation', 'wind_capacity', 'wind_generation', 'wind_offshore_capacity', 'wind_offshore_generation', 'wind_onshore_capacity', 'wind_onshore_generation']
TimeSeriesDataSet using: max_encoder_length=672, min_encoder_length=96
DataLoaders will use num_workers: 2
Trial 5: Finished. Best val_loss: 1829.445190

Trial 6: Starting with params: {'learning_rate': 0.00040115138931478406, 'hidden_size': 32, 'attention_head_size': 4, 'dropout': 0.20606560823518258, 'batch_size': 16}
Inside create_dataloaders: train_df length: 35034, val_df length: 17517, test_df length: 768
Config for DataLoaders: input_window (max_encoder_length): 672, output_horizon (max_prediction_length): 96
TFT will be trained with the following 16 time-varying known features: ['hour', 'is_daylight', 'month', 'year', 'weekday', 'weekend_flag', 'holiday_flag', 'temperature', 'solar_capacity', 'solar_generation', 'wind_capacity', 'wind_generation', 'wind_offshore_capacity', 'wind_offshore_generation', 'wind_onshore_capacity', 'wind_onshore_generation']
TimeSeriesDataSet using: max_encoder_length=672, min_encoder_length=96
TFT will be trained with the following 16 time-varying known features: ['hour', 'is_daylight', 'month', 'year', 'weekday', 'weekend_flag', 'holiday_flag', 'temperature', 'solar_capacity', 'solar_generation', 'wind_capacity', 'wind_generation', 'wind_offshore_capacity', 'wind_offshore_generation', 'wind_onshore_capacity', 'wind_onshore_generation']
TimeSeriesDataSet using: max_encoder_length=672, min_encoder_length=96
TFT will be trained with the following 16 time-varying known features: ['hour', 'is_daylight', 'month', 'year', 'weekday', 'weekend_flag', 'holiday_flag', 'temperature', 'solar_capacity', 'solar_generation', 'wind_capacity', 'wind_generation', 'wind_offshore_capacity', 'wind_offshore_generation', 'wind_onshore_capacity', 'wind_onshore_generation']
TimeSeriesDataSet using: max_encoder_length=672, min_encoder_length=96
DataLoaders will use num_workers: 2
Trial 6: Finished. Best val_loss: 2130.156738

Trial 7: Starting with params: {'learning_rate': 0.0017375759595523858, 'hidden_size': 16, 'attention_head_size': 1, 'dropout': 0.1626456596767853, 'batch_size': 32}
Inside create_dataloaders: train_df length: 35034, val_df length: 17517, test_df length: 768
Config for DataLoaders: input_window (max_encoder_length): 672, output_horizon (max_prediction_length): 96
TFT will be trained with the following 16 time-varying known features: ['hour', 'is_daylight', 'month', 'year', 'weekday', 'weekend_flag', 'holiday_flag', 'temperature', 'solar_capacity', 'solar_generation', 'wind_capacity', 'wind_generation', 'wind_offshore_capacity', 'wind_offshore_generation', 'wind_onshore_capacity', 'wind_onshore_generation']
TimeSeriesDataSet using: max_encoder_length=672, min_encoder_length=96
TFT will be trained with the following 16 time-varying known features: ['hour', 'is_daylight', 'month', 'year', 'weekday', 'weekend_flag', 'holiday_flag', 'temperature', 'solar_capacity', 'solar_generation', 'wind_capacity', 'wind_generation', 'wind_offshore_capacity', 'wind_offshore_generation', 'wind_onshore_capacity', 'wind_onshore_generation']
TimeSeriesDataSet using: max_encoder_length=672, min_encoder_length=96
TFT will be trained with the following 16 time-varying known features: ['hour', 'is_daylight', 'month', 'year', 'weekday', 'weekend_flag', 'holiday_flag', 'temperature', 'solar_capacity', 'solar_generation', 'wind_capacity', 'wind_generation', 'wind_offshore_capacity', 'wind_offshore_generation', 'wind_onshore_capacity', 'wind_onshore_generation']
TimeSeriesDataSet using: max_encoder_length=672, min_encoder_length=96
DataLoaders will use num_workers: 2
Trial 7 failed with an error: Trial was pruned at epoch 2.

Trial 8: Starting with params: {'learning_rate': 0.004309190942146989, 'hidden_size': 16, 'attention_head_size': 1, 'dropout': 0.2742481924131059, 'batch_size': 16}
Inside create_dataloaders: train_df length: 35034, val_df length: 17517, test_df length: 768
Config for DataLoaders: input_window (max_encoder_length): 672, output_horizon (max_prediction_length): 96
TFT will be trained with the following 16 time-varying known features: ['hour', 'is_daylight', 'month', 'year', 'weekday', 'weekend_flag', 'holiday_flag', 'temperature', 'solar_capacity', 'solar_generation', 'wind_capacity', 'wind_generation', 'wind_offshore_capacity', 'wind_offshore_generation', 'wind_onshore_capacity', 'wind_onshore_generation']
TimeSeriesDataSet using: max_encoder_length=672, min_encoder_length=96
TFT will be trained with the following 16 time-varying known features: ['hour', 'is_daylight', 'month', 'year', 'weekday', 'weekend_flag', 'holiday_flag', 'temperature', 'solar_capacity', 'solar_generation', 'wind_capacity', 'wind_generation', 'wind_offshore_capacity', 'wind_offshore_generation', 'wind_onshore_capacity', 'wind_onshore_generation']
TimeSeriesDataSet using: max_encoder_length=672, min_encoder_length=96
TFT will be trained with the following 16 time-varying known features: ['hour', 'is_daylight', 'month', 'year', 'weekday', 'weekend_flag', 'holiday_flag', 'temperature', 'solar_capacity', 'solar_generation', 'wind_capacity', 'wind_generation', 'wind_offshore_capacity', 'wind_offshore_generation', 'wind_onshore_capacity', 'wind_onshore_generation']
TimeSeriesDataSet using: max_encoder_length=672, min_encoder_length=96
DataLoaders will use num_workers: 2
Trial 8: Finished. Best val_loss: 2035.239380

Trial 9: Starting with params: {'learning_rate': 0.0005266406889619675, 'hidden_size': 16, 'attention_head_size': 1, 'dropout': 0.17607714850160916, 'batch_size': 16}
Inside create_dataloaders: train_df length: 35034, val_df length: 17517, test_df length: 768
Config for DataLoaders: input_window (max_encoder_length): 672, output_horizon (max_prediction_length): 96
TFT will be trained with the following 16 time-varying known features: ['hour', 'is_daylight', 'month', 'year', 'weekday', 'weekend_flag', 'holiday_flag', 'temperature', 'solar_capacity', 'solar_generation', 'wind_capacity', 'wind_generation', 'wind_offshore_capacity', 'wind_offshore_generation', 'wind_onshore_capacity', 'wind_onshore_generation']
TimeSeriesDataSet using: max_encoder_length=672, min_encoder_length=96
TFT will be trained with the following 16 time-varying known features: ['hour', 'is_daylight', 'month', 'year', 'weekday', 'weekend_flag', 'holiday_flag', 'temperature', 'solar_capacity', 'solar_generation', 'wind_capacity', 'wind_generation', 'wind_offshore_capacity', 'wind_offshore_generation', 'wind_onshore_capacity', 'wind_onshore_generation']
TimeSeriesDataSet using: max_encoder_length=672, min_encoder_length=96
TFT will be trained with the following 16 time-varying known features: ['hour', 'is_daylight', 'month', 'year', 'weekday', 'weekend_flag', 'holiday_flag', 'temperature', 'solar_capacity', 'solar_generation', 'wind_capacity', 'wind_generation', 'wind_offshore_capacity', 'wind_offshore_generation', 'wind_onshore_capacity', 'wind_onshore_generation']
TimeSeriesDataSet using: max_encoder_length=672, min_encoder_length=96
DataLoaders will use num_workers: 2
Trial 9: Finished. Best val_loss: 1805.436523

Trial 10: Starting with params: {'learning_rate': 0.0010626674456370418, 'hidden_size': 16, 'attention_head_size': 1, 'dropout': 0.39300366944819376, 'batch_size': 32}
Inside create_dataloaders: train_df length: 35034, val_df length: 17517, test_df length: 768
Config for DataLoaders: input_window (max_encoder_length): 672, output_horizon (max_prediction_length): 96
TFT will be trained with the following 16 time-varying known features: ['hour', 'is_daylight', 'month', 'year', 'weekday', 'weekend_flag', 'holiday_flag', 'temperature', 'solar_capacity', 'solar_generation', 'wind_capacity', 'wind_generation', 'wind_offshore_capacity', 'wind_offshore_generation', 'wind_onshore_capacity', 'wind_onshore_generation']
TimeSeriesDataSet using: max_encoder_length=672, min_encoder_length=96
TFT will be trained with the following 16 time-varying known features: ['hour', 'is_daylight', 'month', 'year', 'weekday', 'weekend_flag', 'holiday_flag', 'temperature', 'solar_capacity', 'solar_generation', 'wind_capacity', 'wind_generation', 'wind_offshore_capacity', 'wind_offshore_generation', 'wind_onshore_capacity', 'wind_onshore_generation']
TimeSeriesDataSet using: max_encoder_length=672, min_encoder_length=96
TFT will be trained with the following 16 time-varying known features: ['hour', 'is_daylight', 'month', 'year', 'weekday', 'weekend_flag', 'holiday_flag', 'temperature', 'solar_capacity', 'solar_generation', 'wind_capacity', 'wind_generation', 'wind_offshore_capacity', 'wind_offshore_generation', 'wind_onshore_capacity', 'wind_onshore_generation']
TimeSeriesDataSet using: max_encoder_length=672, min_encoder_length=96
DataLoaders will use num_workers: 2
Trial 10 failed with an error: Trial was pruned at epoch 2.

Trial 11: Starting with params: {'learning_rate': 0.00011429492662671203, 'hidden_size': 64, 'attention_head_size': 1, 'dropout': 0.10265330427647976, 'batch_size': 16}
Inside create_dataloaders: train_df length: 35034, val_df length: 17517, test_df length: 768
Config for DataLoaders: input_window (max_encoder_length): 672, output_horizon (max_prediction_length): 96
TFT will be trained with the following 16 time-varying known features: ['hour', 'is_daylight', 'month', 'year', 'weekday', 'weekend_flag', 'holiday_flag', 'temperature', 'solar_capacity', 'solar_generation', 'wind_capacity', 'wind_generation', 'wind_offshore_capacity', 'wind_offshore_generation', 'wind_onshore_capacity', 'wind_onshore_generation']
TimeSeriesDataSet using: max_encoder_length=672, min_encoder_length=96
TFT will be trained with the following 16 time-varying known features: ['hour', 'is_daylight', 'month', 'year', 'weekday', 'weekend_flag', 'holiday_flag', 'temperature', 'solar_capacity', 'solar_generation', 'wind_capacity', 'wind_generation', 'wind_offshore_capacity', 'wind_offshore_generation', 'wind_onshore_capacity', 'wind_onshore_generation']
TimeSeriesDataSet using: max_encoder_length=672, min_encoder_length=96
TFT will be trained with the following 16 time-varying known features: ['hour', 'is_daylight', 'month', 'year', 'weekday', 'weekend_flag', 'holiday_flag', 'temperature', 'solar_capacity', 'solar_generation', 'wind_capacity', 'wind_generation', 'wind_offshore_capacity', 'wind_offshore_generation', 'wind_onshore_capacity', 'wind_onshore_generation']
TimeSeriesDataSet using: max_encoder_length=672, min_encoder_length=96
DataLoaders will use num_workers: 2
Trial 11 failed with an error: Trial was pruned at epoch 2.

Trial 12: Starting with params: {'learning_rate': 0.00021449154618232222, 'hidden_size': 64, 'attention_head_size': 1, 'dropout': 0.19534602796520506, 'batch_size': 16}
Inside create_dataloaders: train_df length: 35034, val_df length: 17517, test_df length: 768
Config for DataLoaders: input_window (max_encoder_length): 672, output_horizon (max_prediction_length): 96
TFT will be trained with the following 16 time-varying known features: ['hour', 'is_daylight', 'month', 'year', 'weekday', 'weekend_flag', 'holiday_flag', 'temperature', 'solar_capacity', 'solar_generation', 'wind_capacity', 'wind_generation', 'wind_offshore_capacity', 'wind_offshore_generation', 'wind_onshore_capacity', 'wind_onshore_generation']
TimeSeriesDataSet using: max_encoder_length=672, min_encoder_length=96
TFT will be trained with the following 16 time-varying known features: ['hour', 'is_daylight', 'month', 'year', 'weekday', 'weekend_flag', 'holiday_flag', 'temperature', 'solar_capacity', 'solar_generation', 'wind_capacity', 'wind_generation', 'wind_offshore_capacity', 'wind_offshore_generation', 'wind_onshore_capacity', 'wind_onshore_generation']
TimeSeriesDataSet using: max_encoder_length=672, min_encoder_length=96
TFT will be trained with the following 16 time-varying known features: ['hour', 'is_daylight', 'month', 'year', 'weekday', 'weekend_flag', 'holiday_flag', 'temperature', 'solar_capacity', 'solar_generation', 'wind_capacity', 'wind_generation', 'wind_offshore_capacity', 'wind_offshore_generation', 'wind_onshore_capacity', 'wind_onshore_generation']
TimeSeriesDataSet using: max_encoder_length=672, min_encoder_length=96
DataLoaders will use num_workers: 2
Trial 12: Finished. Best val_loss: 2086.570068

Trial 13: Starting with params: {'learning_rate': 0.000925426218427021, 'hidden_size': 64, 'attention_head_size': 1, 'dropout': 0.10171797299074353, 'batch_size': 16}
Inside create_dataloaders: train_df length: 35034, val_df length: 17517, test_df length: 768
Config for DataLoaders: input_window (max_encoder_length): 672, output_horizon (max_prediction_length): 96
TFT will be trained with the following 16 time-varying known features: ['hour', 'is_daylight', 'month', 'year', 'weekday', 'weekend_flag', 'holiday_flag', 'temperature', 'solar_capacity', 'solar_generation', 'wind_capacity', 'wind_generation', 'wind_offshore_capacity', 'wind_offshore_generation', 'wind_onshore_capacity', 'wind_onshore_generation']
TimeSeriesDataSet using: max_encoder_length=672, min_encoder_length=96
TFT will be trained with the following 16 time-varying known features: ['hour', 'is_daylight', 'month', 'year', 'weekday', 'weekend_flag', 'holiday_flag', 'temperature', 'solar_capacity', 'solar_generation', 'wind_capacity', 'wind_generation', 'wind_offshore_capacity', 'wind_offshore_generation', 'wind_onshore_capacity', 'wind_onshore_generation']
TimeSeriesDataSet using: max_encoder_length=672, min_encoder_length=96
TFT will be trained with the following 16 time-varying known features: ['hour', 'is_daylight', 'month', 'year', 'weekday', 'weekend_flag', 'holiday_flag', 'temperature', 'solar_capacity', 'solar_generation', 'wind_capacity', 'wind_generation', 'wind_offshore_capacity', 'wind_offshore_generation', 'wind_onshore_capacity', 'wind_onshore_generation']
TimeSeriesDataSet using: max_encoder_length=672, min_encoder_length=96
DataLoaders will use num_workers: 2
Trial 13: Finished. Best val_loss: 1610.272095

Trial 14: Starting with params: {'learning_rate': 0.0009755861897920339, 'hidden_size': 64, 'attention_head_size': 4, 'dropout': 0.10673793774991902, 'batch_size': 16}
Inside create_dataloaders: train_df length: 35034, val_df length: 17517, test_df length: 768
Config for DataLoaders: input_window (max_encoder_length): 672, output_horizon (max_prediction_length): 96
TFT will be trained with the following 16 time-varying known features: ['hour', 'is_daylight', 'month', 'year', 'weekday', 'weekend_flag', 'holiday_flag', 'temperature', 'solar_capacity', 'solar_generation', 'wind_capacity', 'wind_generation', 'wind_offshore_capacity', 'wind_offshore_generation', 'wind_onshore_capacity', 'wind_onshore_generation']
TimeSeriesDataSet using: max_encoder_length=672, min_encoder_length=96
TFT will be trained with the following 16 time-varying known features: ['hour', 'is_daylight', 'month', 'year', 'weekday', 'weekend_flag', 'holiday_flag', 'temperature', 'solar_capacity', 'solar_generation', 'wind_capacity', 'wind_generation', 'wind_offshore_capacity', 'wind_offshore_generation', 'wind_onshore_capacity', 'wind_onshore_generation']
TimeSeriesDataSet using: max_encoder_length=672, min_encoder_length=96
TFT will be trained with the following 16 time-varying known features: ['hour', 'is_daylight', 'month', 'year', 'weekday', 'weekend_flag', 'holiday_flag', 'temperature', 'solar_capacity', 'solar_generation', 'wind_capacity', 'wind_generation', 'wind_offshore_capacity', 'wind_offshore_generation', 'wind_onshore_capacity', 'wind_onshore_generation']
TimeSeriesDataSet using: max_encoder_length=672, min_encoder_length=96
DataLoaders will use num_workers: 2
