Tue May 27 16:50:15 2025       
+---------------------------------------------------------------------------------------+
| NVIDIA-SMI 535.247.01             Driver Version: 535.247.01   CUDA Version: 12.2     |
|-----------------------------------------+----------------------+----------------------+
| GPU  Name                 Persistence-M | Bus-Id        Disp.A | Volatile Uncorr. ECC |
| Fan  Temp   Perf          Pwr:Usage/Cap |         Memory-Usage | GPU-Util  Compute M. |
|                                         |                      |               MIG M. |
|=========================================+======================+======================|
|   0  NVIDIA A40                     On  | 00000000:17:00.0 Off |                    0 |
|  0%   20C    P8              12W / 300W |      0MiB / 46068MiB |      0%      Default |
|                                         |                      |                  N/A |
+-----------------------------------------+----------------------+----------------------+
|   1  NVIDIA A40                     On  | 00000000:CA:00.0 Off |                    0 |
|  0%   21C    P8              13W / 300W |      0MiB / 46068MiB |      0%      Default |
|                                         |                      |                  N/A |
+-----------------------------------------+----------------------+----------------------+
                                                                                         
+---------------------------------------------------------------------------------------+
| Processes:                                                                            |
|  GPU   GI   CI        PID   Type   Process name                            GPU Memory |
|        ID   ID                                                             Usage      |
|=======================================================================================|
|  No running processes found                                                           |
+---------------------------------------------------------------------------------------+
1 Physical GPUs, 1 Logical GPUs configured for memory growth.
GPU available: [PhysicalDevice(name='/physical_device:GPU:0', device_type='GPU')]
Input shape: (138828, 672, 6), Output shape: (138828, 96)
[Epoch 1] loss: 3210464256.0000 val_loss: 3338288640.0000 mae: 55760.5898 val_mae: 56916.5742 
[Epoch 2] loss: 3194718208.0000 val_loss: 3322292480.0000 mae: 55619.2422 val_mae: 56775.8672 
[Epoch 3] loss: 3179075328.0000 val_loss: 3306342912.0000 mae: 55478.5195 val_mae: 56635.2656 
[Epoch 4] loss: 3163498496.0000 val_loss: 3290445568.0000 mae: 55337.9258 val_mae: 56494.7188 
[Epoch 5] loss: 3147969024.0000 val_loss: 3274580480.0000 mae: 55197.4023 val_mae: 56354.1562 
[Epoch 6] loss: 3132480512.0000 val_loss: 3258755840.0000 mae: 55056.9531 val_mae: 56213.5664 
[Epoch 7] loss: 3117031424.0000 val_loss: 3242973952.0000 mae: 54916.4375 val_mae: 56072.9844 
[Epoch 8] loss: 3101632000.0000 val_loss: 3227232768.0000 mae: 54775.9805 val_mae: 55932.4844 
[Epoch 9] loss: 3086236928.0000 val_loss: 3211525120.0000 mae: 54635.3047 val_mae: 55791.8633 
[Epoch 10] loss: 3070894592.0000 val_loss: 3195859200.0000 mae: 54494.6875 val_mae: 55651.3047 
[Epoch 11] loss: 3055582208.0000 val_loss: 3180235776.0000 mae: 54353.9570 val_mae: 55510.7539 
[Epoch 12] loss: 3040369664.0000 val_loss: 3164651008.0000 mae: 54213.7734 val_mae: 55370.2109 
[Epoch 13] loss: 3025062656.0000 val_loss: 3149101312.0000 mae: 54072.4531 val_mae: 55229.6094 
[Epoch 14] loss: 3009906688.0000 val_loss: 3133594624.0000 mae: 53932.1953 val_mae: 55089.0469 
[Epoch 15] loss: 2994804480.0000 val_loss: 3118127616.0000 mae: 53792.0234 val_mae: 54948.4961 
[Epoch 16] loss: 2979670272.0000 val_loss: 3102699776.0000 mae: 53650.9844 val_mae: 54807.9062 
[Epoch 17] loss: 2964595456.0000 val_loss: 3087311104.0000 mae: 53510.2656 val_mae: 54667.3594 
[Epoch 18] loss: 2949563648.0000 val_loss: 3071962368.0000 mae: 53369.7148 val_mae: 54526.7969 
[Epoch 19] loss: 2934685696.0000 val_loss: 3056658176.0000 mae: 53230.1094 val_mae: 54386.2891 
[Epoch 20] loss: 2919602176.0000 val_loss: 3041382400.0000 mae: 53088.2656 val_mae: 54245.6523 
[Epoch 21] loss: 2904882432.0000 val_loss: 3026158080.0000 mae: 52949.2734 val_mae: 54105.1484 
[Epoch 22] loss: 2889863680.0000 val_loss: 3010965504.0000 mae: 52807.2852 val_mae: 53964.5469 
[Epoch 23] loss: 2875127296.0000 val_loss: 2995816192.0000 mae: 52667.4609 val_mae: 53823.9922 
[Epoch 24] loss: 2860329984.0000 val_loss: 2980703744.0000 mae: 52526.9766 val_mae: 53683.4648 
[Epoch 25] loss: 2845537280.0000 val_loss: 2965632000.0000 mae: 52385.8242 val_mae: 53542.8828 
[Epoch 26] loss: 2830899712.0000 val_loss: 2950602496.0000 mae: 52245.9141 val_mae: 53402.3320 
[Epoch 27] loss: 2816317952.0000 val_loss: 2935610112.0000 mae: 52106.2148 val_mae: 53261.8047 
[Epoch 28] loss: 2801573632.0000 val_loss: 2920656896.0000 mae: 51964.3594 val_mae: 53121.2461 
[Epoch 29] loss: 2787003392.0000 val_loss: 2905746432.0000 mae: 51823.8984 val_mae: 52980.6953 
[Epoch 30] loss: 2772439552.0000 val_loss: 2890870784.0000 mae: 51683.3008 val_mae: 52840.1406 
[Epoch 31] loss: 2758121216.0000 val_loss: 2876037888.0000 mae: 51544.5234 val_mae: 52699.5859 
[Epoch 32] loss: 2743555328.0000 val_loss: 2861242624.0000 mae: 51403.0508 val_mae: 52559.0312 
[Epoch 33] loss: 2729086976.0000 val_loss: 2846487808.0000 mae: 51262.1406 val_mae: 52418.4805 
[Epoch 34] loss: 2714670080.0000 val_loss: 2831774720.0000 mae: 51121.0742 val_mae: 52277.9297 
[Epoch 35] loss: 2700380416.0000 val_loss: 2817096704.0000 mae: 50981.1172 val_mae: 52137.3906 
[Epoch 36] loss: 2685879296.0000 val_loss: 2802458880.0000 mae: 50838.6797 val_mae: 51996.8008 
[Epoch 37] loss: 2671788544.0000 val_loss: 2787864576.0000 mae: 50699.9375 val_mae: 51856.2812 
[Epoch 38] loss: 2657626112.0000 val_loss: 2773311488.0000 mae: 50560.0625 val_mae: 51715.7695 
[Epoch 39] loss: 2643348224.0000 val_loss: 2758792960.0000 mae: 50418.5820 val_mae: 51575.2188 
[Epoch 40] loss: 2629215232.0000 val_loss: 2744312832.0000 mae: 50278.3047 val_mae: 51434.6367 
[Epoch 41] loss: 2615089664.0000 val_loss: 2729876224.0000 mae: 50137.3750 val_mae: 51294.1055 
[Epoch 42] loss: 2601133056.0000 val_loss: 2715478784.0000 mae: 49997.8750 val_mae: 51153.5547 
[Epoch 43] loss: 2586860288.0000 val_loss: 2701122816.0000 mae: 49854.9766 val_mae: 51013.0430 
[Epoch 44] loss: 2572912384.0000 val_loss: 2686805248.0000 mae: 49714.9062 val_mae: 50872.5195 
[Epoch 45] loss: 2558887424.0000 val_loss: 2672520448.0000 mae: 49573.4062 val_mae: 50731.9336 
[Epoch 46] loss: 2544967168.0000 val_loss: 2658280960.0000 mae: 49432.8398 val_mae: 50591.3906 
[Epoch 47] loss: 2531550720.0000 val_loss: 2644083456.0000 mae: 49296.7969 val_mae: 50450.8789 
[Epoch 48] loss: 2517314560.0000 val_loss: 2629918464.0000 mae: 49151.8633 val_mae: 50310.3203 
[Epoch 49] loss: 2503637248.0000 val_loss: 2615798272.0000 mae: 49012.9102 val_mae: 50169.7969 
[Epoch 50] loss: 2490010880.0000 val_loss: 2601718272.0000 mae: 48873.3477 val_mae: 50029.2695 
