Wed Jun 18 21:02:33 2025       
+---------------------------------------------------------------------------------------+
| NVIDIA-SMI 535.247.01             Driver Version: 535.247.01   CUDA Version: 12.2     |
|-----------------------------------------+----------------------+----------------------+
| GPU  Name                 Persistence-M | Bus-Id        Disp.A | Volatile Uncorr. ECC |
| Fan  Temp   Perf          Pwr:Usage/Cap |         Memory-Usage | GPU-Util  Compute M. |
|                                         |                      |               MIG M. |
|=========================================+======================+======================|
|   0  NVIDIA A40                     On  | 00000000:17:00.0 Off |                    0 |
|  0%   24C    P8              22W / 300W |      0MiB / 46068MiB |      0%      Default |
|                                         |                      |                  N/A |
+-----------------------------------------+----------------------+----------------------+
|   1  NVIDIA A40                     On  | 00000000:CA:00.0 Off |                    0 |
|  0%   25C    P8              21W / 300W |      0MiB / 46068MiB |      0%      Default |
|                                         |                      |                  N/A |
+-----------------------------------------+----------------------+----------------------+
                                                                                         
+---------------------------------------------------------------------------------------+
| Processes:                                                                            |
|  GPU   GI   CI        PID   Type   Process name                            GPU Memory |
|        ID   ID                                                             Usage      |
|=======================================================================================|
|  No running processes found                                                           |
+---------------------------------------------------------------------------------------+
Running long horizon...
--- Running TFT Training for LONG Horizon ---
TFT-specific Config loaded: {'run_tag': 'final_generalization_tft_long', 'learning_rate': 0.000925426218427021, 'hidden_size': 64, 'attention_head_size': 1, 'dropout': 0.10171797299074353, 'batch_size': 4, 'gradient_clip_val': 0.1, 'exogenous_features_tft': ['hour', 'is_daylight', 'month', 'year', 'weekday', 'weekend_flag', 'holiday_flag', 'temperature', 'solar_capacity', 'solar_generation', 'wind_capacity', 'wind_generation', 'wind_offshore_capacity', 'wind_offshore_generation', 'wind_onshore_capacity', 'wind_onshore_generation']}
TT run outputs will be saved in: /home/u563586/tft_project/outputs/tft_runs/final_generalization_tft_long_h2880_w672
Loading TFT data from: /home/u563586/tft_project/data/processed/merged_dataset_featurized.csv
--- LONG HORIZON: Using a 60.0% subset of training data to get a feasible runtime. New train shape: (84080, 20) ---
Creating Dataloaders...
Inside create_dataloaders: train_df length: 84080, val_df length: 17517, test_df length: 17517
Config for DataLoaders: input_window (max_encoder_length): 672, output_horizon (max_prediction_length): 2880
TFT will be trained with the following 16 time-varying known features: ['hour', 'is_daylight', 'month', 'year', 'weekday', 'weekend_flag', 'holiday_flag', 'temperature', 'solar_capacity', 'solar_generation', 'wind_capacity', 'wind_generation', 'wind_offshore_capacity', 'wind_offshore_generation', 'wind_onshore_capacity', 'wind_onshore_generation']
TimeSeriesDataSet using: max_encoder_length=672, min_encoder_length=96
TFT will be trained with the following 16 time-varying known features: ['hour', 'is_daylight', 'month', 'year', 'weekday', 'weekend_flag', 'holiday_flag', 'temperature', 'solar_capacity', 'solar_generation', 'wind_capacity', 'wind_generation', 'wind_offshore_capacity', 'wind_offshore_generation', 'wind_onshore_capacity', 'wind_onshore_generation']
TimeSeriesDataSet using: max_encoder_length=672, min_encoder_length=96
TFT will be trained with the following 16 time-varying known features: ['hour', 'is_daylight', 'month', 'year', 'weekday', 'weekend_flag', 'holiday_flag', 'temperature', 'solar_capacity', 'solar_generation', 'wind_capacity', 'wind_generation', 'wind_offshore_capacity', 'wind_offshore_generation', 'wind_onshore_capacity', 'wind_onshore_generation']
TimeSeriesDataSet using: max_encoder_length=672, min_encoder_length=96
DataLoaders will use num_workers: 0
Initializing TFT model...
Starting TFT training...
┏━━━━┳━━━━━━━━━━━━━━━━━━━━━━━━━━━━━━━━━━━━┳━━━━━━━━━━━━━━━━━━━━━━━━━━━┳━━━━━━━━┓
┃    ┃ Name                               ┃ Type                      ┃ Params ┃
┡━━━━╇━━━━━━━━━━━━━━━━━━━━━━━━━━━━━━━━━━━━╇━━━━━━━━━━━━━━━━━━━━━━━━━━━╇━━━━━━━━┩
│ 0  │ loss                               │ MAE                       │      0 │
│ 1  │ logging_metrics                    │ ModuleList                │      0 │
│ 2  │ input_embeddings                   │ MultiEmbedding            │      0 │
│ 3  │ prescalers                         │ ModuleDict                │    336 │
│ 4  │ static_variable_selection          │ VariableSelectionNetwork  │  5.0 K │
│ 5  │ encoder_variable_selection         │ VariableSelectionNetwork  │ 34.3 K │
│ 6  │ decoder_variable_selection         │ VariableSelectionNetwork  │ 32.2 K │
│ 7  │ static_context_variable_selection  │ GatedResidualNetwork      │ 16.8 K │
│ 8  │ static_context_initial_hidden_lstm │ GatedResidualNetwork      │ 16.8 K │
│ 9  │ static_context_initial_cell_lstm   │ GatedResidualNetwork      │ 16.8 K │
│ 10 │ static_context_enrichment          │ GatedResidualNetwork      │ 16.8 K │
│ 11 │ lstm_encoder                       │ LSTM                      │ 33.3 K │
│ 12 │ lstm_decoder                       │ LSTM                      │ 33.3 K │
│ 13 │ post_lstm_gate_encoder             │ GatedLinearUnit           │  8.3 K │
│ 14 │ post_lstm_add_norm_encoder         │ AddNorm                   │    128 │
│ 15 │ static_enrichment                  │ GatedResidualNetwork      │ 20.9 K │
│ 16 │ multihead_attn                     │ InterpretableMultiHeadAt… │ 16.6 K │
│ 17 │ post_attn_gate_norm                │ GateAddNorm               │  8.4 K │
│ 18 │ pos_wise_ff                        │ GatedResidualNetwork      │ 16.8 K │
│ 19 │ pre_output_gate_norm               │ GateAddNorm               │  8.4 K │
│ 20 │ output_layer                       │ Linear                    │     65 │
└────┴────────────────────────────────────┴───────────────────────────┴────────┘
Trainable params: 284 K                                                         
Non-trainable params: 0                                                         
Total params: 284 K                                                             
Total estimated model params size (MB): 1                                       
Epoch 0/14 ━━━━━━━━━━━━━━━ 24200/24200 2:13:34 •       3.34it/s loss: 771 v_num:
                                       0:00:00                  33840           
                                                                train_loss_step:
                                                                877.915         
                                                                val_loss:       
                                                                1882.741        
                                                                train_loss_epoc…
                                                                1249.365        
Epoch 1/14 ━━━━━━━━━━━━━━━ 24200/24200 2:19:02 •       3.35it/s loss: 584 v_num:
                                       0:00:00                  33840           
                                                                train_loss_step:
                                                                576.458         
                                                                val_loss:       
                                                                1914.616        
                                                                train_loss_epoc…
                                                                647.653         
Epoch 2/14 ━━━━━━━━━━━━━━━ 24200/24200 2:16:51 •       3.35it/s loss: 451 v_num:
                                       0:00:00                  33840           
                                                                train_loss_step:
                                                                517.887         
                                                                val_loss:       
                                                                1951.141        
                                                                train_loss_epoc…
                                                                493.891         
TFT training finished in 24609.33 seconds.

Evaluating TFT model on test set...
Loading best model for evaluation from: /home/u563586/tft_project/outputs/tft_runs/final_generalization_tft_long_h2880_w672/tft-epoch=00-val_loss=1882.74.ckpt

TFT Final Evaluation Metrics (Test Set, Horizon: Step 2880):
  MAE:  1787.5415
  RMSE: 2338.5576
  MAPE: 3.29%
TFT predictions (MW scale) saved to: /home/u563586/tft_project/outputs/tft_runs/final_generalization_tft_long_h2880_w672/tft_predictions_mw.csv

TFT script for horizon 'long' finished.
