Sun Jun 15 22:03:20 2025       
+---------------------------------------------------------------------------------------+
| NVIDIA-SMI 535.247.01             Driver Version: 535.247.01   CUDA Version: 12.2     |
|-----------------------------------------+----------------------+----------------------+
| GPU  Name                 Persistence-M | Bus-Id        Disp.A | Volatile Uncorr. ECC |
| Fan  Temp   Perf          Pwr:Usage/Cap |         Memory-Usage | GPU-Util  Compute M. |
|                                         |                      |               MIG M. |
|=========================================+======================+======================|
|   0  NVIDIA A40                     On  | 00000000:17:00.0 Off |                    0 |
|  0%   42C    P0              81W / 300W |      0MiB / 46068MiB |      0%      Default |
|                                         |                      |                  N/A |
+-----------------------------------------+----------------------+----------------------+
|   1  NVIDIA A40                     On  | 00000000:CA:00.0 Off |                    0 |
|  0%   29C    P8              21W / 300W |      0MiB / 46068MiB |      0%      Default |
|                                         |                      |                  N/A |
+-----------------------------------------+----------------------+----------------------+
                                                                                         
+---------------------------------------------------------------------------------------+
| Processes:                                                                            |
|  GPU   GI   CI        PID   Type   Process name                            GPU Memory |
|        ID   ID                                                             Usage      |
|=======================================================================================|
|  No running processes found                                                           |
+---------------------------------------------------------------------------------------+
Running short horizon...
--- Running TFT Training for SHORT Horizon ---
TFT-specific Config loaded: {'run_tag': 'final_generalization_tft_short', 'learning_rate': 0.000925426218427021, 'hidden_size': 64, 'attention_head_size': 1, 'dropout': 0.10171797299074353, 'batch_size': 16, 'gradient_clip_val': 0.1, 'exogenous_features_tft': ['hour', 'is_daylight', 'month', 'year', 'weekday', 'weekend_flag', 'holiday_flag', 'temperature', 'solar_capacity', 'solar_generation', 'wind_capacity', 'wind_generation', 'wind_offshore_capacity', 'wind_offshore_generation', 'wind_onshore_capacity', 'wind_onshore_generation']}
TT run outputs will be saved in: /home/u563586/tft_project/outputs/tft_runs/final_generalization_tft_short_h96_w672
Loading TFT data from: /home/u563586/tft_project/data/processed/merged_dataset_featurized.csv
Creating Dataloaders...
Inside create_dataloaders: train_df length: 140133, val_df length: 17517, test_df length: 17517
Config for DataLoaders: input_window (max_encoder_length): 672, output_horizon (max_prediction_length): 96
TFT will be trained with the following 16 time-varying known features: ['hour', 'is_daylight', 'month', 'year', 'weekday', 'weekend_flag', 'holiday_flag', 'temperature', 'solar_capacity', 'solar_generation', 'wind_capacity', 'wind_generation', 'wind_offshore_capacity', 'wind_offshore_generation', 'wind_onshore_capacity', 'wind_onshore_generation']
TimeSeriesDataSet using: max_encoder_length=672, min_encoder_length=96
TFT will be trained with the following 16 time-varying known features: ['hour', 'is_daylight', 'month', 'year', 'weekday', 'weekend_flag', 'holiday_flag', 'temperature', 'solar_capacity', 'solar_generation', 'wind_capacity', 'wind_generation', 'wind_offshore_capacity', 'wind_offshore_generation', 'wind_onshore_capacity', 'wind_onshore_generation']
TimeSeriesDataSet using: max_encoder_length=672, min_encoder_length=96
TFT will be trained with the following 16 time-varying known features: ['hour', 'is_daylight', 'month', 'year', 'weekday', 'weekend_flag', 'holiday_flag', 'temperature', 'solar_capacity', 'solar_generation', 'wind_capacity', 'wind_generation', 'wind_offshore_capacity', 'wind_offshore_generation', 'wind_onshore_capacity', 'wind_onshore_generation']
TimeSeriesDataSet using: max_encoder_length=672, min_encoder_length=96
DataLoaders will use num_workers: 4
Initializing TFT model...
Starting TFT training...
TFT training finished in 28499.97 seconds.

Evaluating TFT model on test set...
Loading best model for evaluation from: /home/u563586/tft_project/outputs/tft_runs/final_generalization_tft_short_h96_w672/tft-epoch=01-val_loss=1363.98.ckpt

TFT Final Evaluation Metrics (Test Set, Horizon: Step 96):
  MAE:  1492.9945
  RMSE: 2377.4482
  MAPE: 2.78%
TFT predictions (MW scale) saved to: /home/u563586/tft_project/outputs/tft_runs/final_generalization_tft_short_h96_w672/tft_predictions_mw.csv

TFT script for horizon 'short' finished.
Running medium horizon...
--- Running TFT Training for MEDIUM Horizon ---
TFT-specific Config loaded: {'run_tag': 'final_generalization_tft_medium', 'learning_rate': 0.000925426218427021, 'hidden_size': 64, 'attention_head_size': 1, 'dropout': 0.10171797299074353, 'batch_size': 16, 'gradient_clip_val': 0.1, 'exogenous_features_tft': ['hour', 'is_daylight', 'month', 'year', 'weekday', 'weekend_flag', 'holiday_flag', 'temperature', 'solar_capacity', 'solar_generation', 'wind_capacity', 'wind_generation', 'wind_offshore_capacity', 'wind_offshore_generation', 'wind_onshore_capacity', 'wind_onshore_generation']}
TT run outputs will be saved in: /home/u563586/tft_project/outputs/tft_runs/final_generalization_tft_medium_h672_w1344
Loading TFT data from: /home/u563586/tft_project/data/processed/merged_dataset_featurized.csv
Creating Dataloaders...
Inside create_dataloaders: train_df length: 140133, val_df length: 17517, test_df length: 17517
Config for DataLoaders: input_window (max_encoder_length): 1344, output_horizon (max_prediction_length): 672
TFT will be trained with the following 16 time-varying known features: ['hour', 'is_daylight', 'month', 'year', 'weekday', 'weekend_flag', 'holiday_flag', 'temperature', 'solar_capacity', 'solar_generation', 'wind_capacity', 'wind_generation', 'wind_offshore_capacity', 'wind_offshore_generation', 'wind_onshore_capacity', 'wind_onshore_generation']
TimeSeriesDataSet using: max_encoder_length=1344, min_encoder_length=96
TFT will be trained with the following 16 time-varying known features: ['hour', 'is_daylight', 'month', 'year', 'weekday', 'weekend_flag', 'holiday_flag', 'temperature', 'solar_capacity', 'solar_generation', 'wind_capacity', 'wind_generation', 'wind_offshore_capacity', 'wind_offshore_generation', 'wind_onshore_capacity', 'wind_onshore_generation']
TimeSeriesDataSet using: max_encoder_length=1344, min_encoder_length=96
TFT will be trained with the following 16 time-varying known features: ['hour', 'is_daylight', 'month', 'year', 'weekday', 'weekend_flag', 'holiday_flag', 'temperature', 'solar_capacity', 'solar_generation', 'wind_capacity', 'wind_generation', 'wind_offshore_capacity', 'wind_offshore_generation', 'wind_onshore_capacity', 'wind_onshore_generation']
TimeSeriesDataSet using: max_encoder_length=1344, min_encoder_length=96
DataLoaders will use num_workers: 4
Initializing TFT model...
Starting TFT training...
TFT training finished in 35385.84 seconds.

Evaluating TFT model on test set...
Loading best model for evaluation from: /home/u563586/tft_project/outputs/tft_runs/final_generalization_tft_medium_h672_w1344/tft-epoch=01-val_loss=1658.21.ckpt

TFT Final Evaluation Metrics (Test Set, Horizon: Step 672):
  MAE:  2140.6558
  RMSE: 3247.5364
  MAPE: 3.88%
TFT predictions (MW scale) saved to: /home/u563586/tft_project/outputs/tft_runs/final_generalization_tft_medium_h672_w1344/tft_predictions_mw.csv

TFT script for horizon 'medium' finished.
Running long horizon...
--- Running TFT Training for LONG Horizon ---
TFT-specific Config loaded: {'run_tag': 'final_generalization_tft_long', 'learning_rate': 0.000925426218427021, 'hidden_size': 64, 'attention_head_size': 1, 'dropout': 0.10171797299074353, 'batch_size': 4, 'gradient_clip_val': 0.1, 'exogenous_features_tft': ['hour', 'is_daylight', 'month', 'year', 'weekday', 'weekend_flag', 'holiday_flag', 'temperature', 'solar_capacity', 'solar_generation', 'wind_capacity', 'wind_generation', 'wind_offshore_capacity', 'wind_offshore_generation', 'wind_onshore_capacity', 'wind_onshore_generation']}
TT run outputs will be saved in: /home/u563586/tft_project/outputs/tft_runs/final_generalization_tft_long_h2880_w672
Loading TFT data from: /home/u563586/tft_project/data/processed/merged_dataset_featurized.csv
Creating Dataloaders...
Inside create_dataloaders: train_df length: 140133, val_df length: 17517, test_df length: 17517
Config for DataLoaders: input_window (max_encoder_length): 672, output_horizon (max_prediction_length): 2880
TFT will be trained with the following 16 time-varying known features: ['hour', 'is_daylight', 'month', 'year', 'weekday', 'weekend_flag', 'holiday_flag', 'temperature', 'solar_capacity', 'solar_generation', 'wind_capacity', 'wind_generation', 'wind_offshore_capacity', 'wind_offshore_generation', 'wind_onshore_capacity', 'wind_onshore_generation']
TimeSeriesDataSet using: max_encoder_length=672, min_encoder_length=96
TFT will be trained with the following 16 time-varying known features: ['hour', 'is_daylight', 'month', 'year', 'weekday', 'weekend_flag', 'holiday_flag', 'temperature', 'solar_capacity', 'solar_generation', 'wind_capacity', 'wind_generation', 'wind_offshore_capacity', 'wind_offshore_generation', 'wind_onshore_capacity', 'wind_onshore_generation']
TimeSeriesDataSet using: max_encoder_length=672, min_encoder_length=96
TFT will be trained with the following 16 time-varying known features: ['hour', 'is_daylight', 'month', 'year', 'weekday', 'weekend_flag', 'holiday_flag', 'temperature', 'solar_capacity', 'solar_generation', 'wind_capacity', 'wind_generation', 'wind_offshore_capacity', 'wind_offshore_generation', 'wind_onshore_capacity', 'wind_onshore_generation']
TimeSeriesDataSet using: max_encoder_length=672, min_encoder_length=96
DataLoaders will use num_workers: 2
Initializing TFT model...
Starting TFT training...
