Wed Jun 11 11:08:42 2025       
+---------------------------------------------------------------------------------------+
| NVIDIA-SMI 535.247.01             Driver Version: 535.247.01   CUDA Version: 12.2     |
|-----------------------------------------+----------------------+----------------------+
| GPU  Name                 Persistence-M | Bus-Id        Disp.A | Volatile Uncorr. ECC |
| Fan  Temp   Perf          Pwr:Usage/Cap |         Memory-Usage | GPU-Util  Compute M. |
|                                         |                      |               MIG M. |
|=========================================+======================+======================|
|   0  NVIDIA A40                     On  | 00000000:17:00.0 Off |                    0 |
|  0%   26C    P8              12W / 300W |      0MiB / 46068MiB |      0%      Default |
|                                         |                      |                  N/A |
+-----------------------------------------+----------------------+----------------------+
|   1  NVIDIA A40                     On  | 00000000:CA:00.0 Off |                    0 |
|  0%   29C    P8              23W / 300W |      0MiB / 46068MiB |      0%      Default |
|                                         |                      |                  N/A |
+-----------------------------------------+----------------------+----------------------+
                                                                                         
+---------------------------------------------------------------------------------------+
| Processes:                                                                            |
|  GPU   GI   CI        PID   Type   Process name                            GPU Memory |
|        ID   ID                                                             Usage      |
|=======================================================================================|
|  No running processes found                                                           |
+---------------------------------------------------------------------------------------+
Running medium horizon...
1 Physical GPUs,, 1 Logical GPUs configured for memory growth.
LSTM Config loaded: {'input_window': 2016, 'output_horizon': 672, 'min_input_window': 96, 'target_column': 'actual_load', 'early_stopping_patience': 5, 'epochs': 50, 'train_split': 0.8, 'val_split': 0.1, 'num_workers': 2, 'run_tag': 'medium_lstm_tuned_from_short', 'batch_size': 32, 'learning_rate': 0.00044568162309046894, 'lags': [1, 96, 672, 1344, 2016], 'feature_scaler': 'MinMax', 'target_scaler': 'MinMax', 'lstm_units': 96, 'dropout_rate': 0.1477445862042764, 'loss_function': 'mae', 'exogenous_features': ['hour_sin', 'hour_cos', 'weekday_sin', 'weekday_cos', 'month_sin', 'month_cos', 'is_daylight', 'year', 'weekend_flag', 'holiday_flag', 'temperature', 'solar_capacity', 'solar_generation', 'wind_capacity', 'wind_generation', 'wind_offshore_capacity', 'wind_offshore_generation', 'wind_onshore_capacity', 'wind_onshore_generation'], 'run_tag_tft': 'medium_tft_baseline_raw', 'hidden_size': 16, 'attention_head_size': 1, 'dropout': 0.1, 'gradient_clip_val': 0.1, 'exogenous_features_tft': ['hour', 'is_daylight', 'month', 'year', 'weekday', 'weekend_flag', 'holiday_flag', 'temperature', 'solar_capacity', 'solar_generation', 'wind_capacity', 'wind_generation', 'wind_offshore_capacity', 'wind_offshore_generation', 'wind_onshore_capacity', 'wind_onshore_generation']}
LSTM run outputs will be saved in: /home/u563586/tft_project/outputs/lstm_runs/lstm_medium_lstm_tuned_from_short_h672_w2016
Loading LSTM data from: /home/u563586/tft_project/data/processed/merged_dataset_featurized.csv
Attempting to add exogenous features: ['hour_sin', 'hour_cos', 'weekday_sin', 'weekday_cos', 'month_sin', 'month_cos', 'is_daylight', 'year', 'weekend_flag', 'holiday_flag', 'temperature', 'solar_capacity', 'solar_generation', 'wind_capacity', 'wind_generation', 'wind_offshore_capacity', 'wind_offshore_generation', 'wind_onshore_capacity', 'wind_onshore_generation']
LSTM data splits (after lag drop): Train 138520, Val 17315, Test 17316
Total number of input features for LSTM (X): 24
LSTM target_scaler type for horizon medium: <class 'sklearn.preprocessing._data.MinMaxScaler'>
Model: "sequential"
_________________________________________________________________
 Layer (type)                Output Shape              Param #   
=================================================================
 lstm (LSTM)                 (None, 96)                46464     
                                                                 
 dropout (Dropout)           (None, 96)                0         
                                                                 
 dense (Dense)               (None, 672)               65184     
                                                                 
=================================================================
Total params: 111,648
Trainable params: 111,648
Non-trainable params: 0
_________________________________________________________________
Keras CSVLogger will save epoch logs to: /home/u563586/tft_project/outputs/lstm_runs/lstm_medium_lstm_tuned_from_short_h672_w2016/lstm_epoch_training_log.csv
Input shape for LSTM model: (2016, 24)
X_train shape: (135833, 2016, 24), y_train shape (scaled): (135833, 672)
Starting LSTM training (targets scaled, corrected loop)...

Shape of y_pred_scaled_lstm: (14629, 672)
Shape of y_test (scaled): (14629, 672)
Shape of y_pred_mw (original scale): (14629, 672)
Shape of y_test_mw (original scale): (14629, 672)

LSTM Final Evaluation Metrics (Test Set, Original MW Scale):
  MAE:  3031.9102 MW
  RMSE: 4148.7784 MW
  MAPE: 5.99%
LSTM predictions (MW scale) saved to: /home/u563586/tft_project/outputs/lstm_runs/lstm_medium_lstm_tuned_from_short_h672_w2016/lstm_predictions_mw.csv

LSTM script for horizon '{config_horizon_name} finished.
