Tue Jun 10 09:52:23 2025       
+---------------------------------------------------------------------------------------+
| NVIDIA-SMI 535.247.01             Driver Version: 535.247.01   CUDA Version: 12.2     |
|-----------------------------------------+----------------------+----------------------+
| GPU  Name                 Persistence-M | Bus-Id        Disp.A | Volatile Uncorr. ECC |
| Fan  Temp   Perf          Pwr:Usage/Cap |         Memory-Usage | GPU-Util  Compute M. |
|                                         |                      |               MIG M. |
|=========================================+======================+======================|
|   0  NVIDIA A40                     On  | 00000000:17:00.0 Off |                    0 |
|  0%   24C    P8              20W / 300W |      0MiB / 46068MiB |      0%      Default |
|                                         |                      |                  N/A |
+-----------------------------------------+----------------------+----------------------+
|   1  NVIDIA A40                     On  | 00000000:CA:00.0 Off |                    0 |
|  0%   24C    P8              12W / 300W |      0MiB / 46068MiB |      0%      Default |
|                                         |                      |                  N/A |
+-----------------------------------------+----------------------+----------------------+
                                                                                         
+---------------------------------------------------------------------------------------+
| Processes:                                                                            |
|  GPU   GI   CI        PID   Type   Process name                            GPU Memory |
|        ID   ID                                                             Usage      |
|=======================================================================================|
|  No running processes found                                                           |
+---------------------------------------------------------------------------------------+
Running short horizon...
1 Physical GPUs,, 1 Logical GPUs configured for memory growth.
LSTM Config loaded: {'input_window': 672, 'output_horizon': 96, 'min_input_window': 96, 'target_column': 'actual_load', 'early_stopping_patience': 5, 'epochs': 50, 'train_split': 0.8, 'val_split': 0.1, 'num_workers': 2, 'run_tag': 'short_lstm_tuned_final', 'batch_size': 32, 'learning_rate': 0.00025007815677039, 'epochs_hpo': 15, 'early_stopping_patience_hpo': 3, 'hpo_pruner_warmup': 2, 'lags': [1, 2, 96, 192, 288, 672], 'feature_scaler': 'MinMax', 'target_scaler': 'MinMax', 'lstm_units': 192, 'dropout_rate': 0.10154506018308869, 'loss_function': 'mae', 'exogenous_features': ['hour_sin', 'hour_cos', 'weekday_sin', 'weekday_cos', 'month_sin', 'month_cos', 'is_daylight', 'year', 'weekend_flag', 'holiday_flag', 'temperature', 'solar_capacity', 'solar_generation', 'wind_capacity', 'wind_generation', 'wind_offshore_capacity', 'wind_offshore_generation', 'wind_onshore_capacity', 'wind_onshore_generation'], 'run_tag_tft': 'short_tft_baseline_raw', 'hidden_size': 16, 'attention_head_size': 1, 'dropout': 0.1, 'gradient_clip_val': 0.1, 'exogenous_features_tft': ['hour', 'is_daylight', 'month', 'year', 'weekday', 'weekend_flag', 'holiday_flag', 'temperature', 'solar_capacity', 'solar_generation', 'wind_capacity', 'wind_generation', 'wind_offshore_capacity', 'wind_offshore_generation', 'wind_onshore_capacity', 'wind_onshore_generation']}
LSTM run outputs will be saved in: /home/u563586/tft_project/outputs/lstm_runs/lstm_short_lstm_tuned_final_h96_w672
Loading LSTM data from: /home/u563586/tft_project/data/processed/merged_dataset_featurized.csv
Attempting to add exogenous features: ['hour_sin', 'hour_cos', 'weekday_sin', 'weekday_cos', 'month_sin', 'month_cos', 'is_daylight', 'year', 'weekend_flag', 'holiday_flag', 'temperature', 'solar_capacity', 'solar_generation', 'wind_capacity', 'wind_generation', 'wind_offshore_capacity', 'wind_offshore_generation', 'wind_onshore_capacity', 'wind_onshore_generation']
LSTM data splits (after lag drop): Train 139596, Val 17449, Test 17450
Total number of input features for LSTM (X): 25
LSTM target_scaler type for horizon short: <class 'sklearn.preprocessing._data.MinMaxScaler'>
Model: "sequential"
_________________________________________________________________
 Layer (type)                Output Shape              Param #   
=================================================================
 lstm (LSTM)                 (None, 192)               167424    
                                                                 
 dropout (Dropout)           (None, 192)               0         
                                                                 
 dense (Dense)               (None, 96)                18528     
                                                                 
=================================================================
Total params: 185,952
Trainable params: 185,952
Non-trainable params: 0
_________________________________________________________________
Keras CSVLogger will save epoch logs to: /home/u563586/tft_project/outputs/lstm_runs/lstm_short_lstm_tuned_final_h96_w672/lstm_epoch_training_log.csv
Input shape for LSTM model: (672, 25)
X_train shape: (138829, 672, 25), y_train shape (scaled): (138829, 96)
Starting LSTM training (targets scaled, corrected loop)...

Shape of y_pred_scaled_lstm: (16683, 96)
Shape of y_test (scaled): (16683, 96)
Shape of y_pred_mw (original scale): (16683, 96)
Shape of y_test_mw (original scale): (16683, 96)

LSTM Final Evaluation Metrics (Test Set, Original MW Scale):
  MAE:  1230.5119 MW
  RMSE: 1762.4542 MW
  MAPE: 2.38%
LSTM predictions (MW scale) saved to: /home/u563586/tft_project/outputs/lstm_runs/lstm_short_lstm_tuned_final_h96_w672/lstm_predictions_mw.csv

LSTM script for horizon '{config_horizon_name} finished.